d:\freepcbdev\freepcb-2\release\freepcb.pch
d:\freepcbdev\freepcb-2\debug\stdafx.obj
d:\freepcbdev\freepcb-2\debug\dlgcad.obj
d:\freepcbdev\freepcb-2\debug\dlgassignnet.obj
d:\freepcbdev\freepcb-2\debug\dlgarealayer.obj
d:\freepcbdev\freepcb-2\debug\dlgaddwidth.obj
d:\freepcbdev\freepcb-2\debug\dlgaddtext.obj
d:\freepcbdev\freepcb-2\debug\dlgaddpoly.obj
d:\freepcbdev\freepcb-2\debug\dlgaddpin.obj
d:\freepcbdev\freepcb-2\debug\dlgaddpart.obj
d:\freepcbdev\freepcb-2\debug\dlgaddnet.obj
d:\freepcbdev\freepcb-2\debug\dlgaddmodule.obj
d:\freepcbdev\freepcb-2\debug\dlgaddmerge.obj
d:\freepcbdev\freepcb-2\debug\dlgaddmaskcutout.obj
d:\freepcbdev\freepcb-2\debug\dlgaddhole.obj
d:\freepcbdev\freepcb-2\debug\dlgaddcode.obj
d:\freepcbdev\freepcb-2\debug\dlgaddarea.obj
d:\freepcbdev\freepcb-2\debug\displaylist.obj
d:\freepcbdev\freepcb-2\debug\designrules.obj
d:\freepcbdev\freepcb-2\debug\cuid.obj
d:\freepcbdev\freepcb-2\debug\addsymmetricalblank.obj
d:\freepcbdev\freepcb-2\debug\additional.obj
d:\freepcbdev\freepcb-2\debug\dlgindexing.obj
d:\freepcbdev\freepcb-2\debug\dlgimportses.obj
d:\freepcbdev\freepcb-2\debug\dlgimportoptions.obj
d:\freepcbdev\freepcb-2\debug\dlgimportfootprint.obj
d:\freepcbdev\freepcb-2\debug\dlghole.obj
d:\freepcbdev\freepcb-2\debug\dlggrouppaste.obj
d:\freepcbdev\freepcb-2\debug\dlgglue.obj
d:\freepcbdev\freepcb-2\debug\dlgfptext.obj
d:\freepcbdev\freepcb-2\debug\dlgfpreftext.obj
d:\freepcbdev\freepcb-2\debug\dlgfindpart.obj
d:\freepcbdev\freepcb-2\debug\dlgexportdsn.obj
d:\freepcbdev\freepcb-2\debug\dlgenterstr.obj
d:\freepcbdev\freepcb-2\debug\dlgeditnet.obj
d:\freepcbdev\freepcb-2\debug\dlgeditboardcorner.obj
d:\freepcbdev\freepcb-2\debug\dlgdupfootprintname.obj
d:\freepcbdev\freepcb-2\debug\dlgdrc.obj
d:\freepcbdev\freepcb-2\debug\dlgcrop.obj
d:\freepcbdev\freepcb-2\debug\dlgchoosenetname.obj
d:\freepcbdev\freepcb-2\debug\dlgchangelayer.obj
d:\freepcbdev\freepcb-2\debug\dlgcentroid.obj
d:\freepcbdev\freepcb-2\debug\dlgsetsegmentwidth.obj
d:\freepcbdev\freepcb-2\debug\dlgsetareahatch.obj
d:\freepcbdev\freepcb-2\debug\dlgsavelib.obj
d:\freepcbdev\freepcb-2\debug\dlgsavefootprint.obj
d:\freepcbdev\freepcb-2\debug\dlgreport.obj
d:\freepcbdev\freepcb-2\debug\dlgreftext.obj
d:\freepcbdev\freepcb-2\debug\dlgreassignlayers.obj
d:\freepcbdev\freepcb-2\debug\dlgprotection.obj
d:\freepcbdev\freepcb-2\debug\dlgprojectoptions.obj
d:\freepcbdev\freepcb-2\debug\dlgpdfcolors.obj
d:\freepcbdev\freepcb-2\debug\dlgpartlist.obj
d:\freepcbdev\freepcb-2\debug\dlgnetlist.obj
d:\freepcbdev\freepcb-2\debug\dlgnetcombine.obj
d:\freepcbdev\freepcb-2\debug\dlgmymessagebox2.obj
d:\freepcbdev\freepcb-2\debug\dlgmymessagebox.obj
d:\freepcbdev\freepcb-2\debug\dlgmoveorigin.obj
d:\freepcbdev\freepcb-2\debug\dlglog.obj
d:\freepcbdev\freepcb-2\debug\dlglibrarymanager.obj
d:\freepcbdev\freepcb-2\debug\dlglayers.obj
d:\freepcbdev\freepcb-2\debug\dlgivex.obj
d:\freepcbdev\freepcb-2\debug\mytoolbar.obj
d:\freepcbdev\freepcb-2\debug\mainfrm.obj
d:\freepcbdev\freepcb-2\debug\ivex_mod_file.obj
d:\freepcbdev\freepcb-2\debug\gpc_232.obj
d:\freepcbdev\freepcb-2\debug\gerber.obj
d:\freepcbdev\freepcb-2\debug\freepcb.tlog\cl.command.1.tlog
d:\freepcbdev\freepcb-2\debug\freepcb.tlog\cl.read.1.tlog
d:\freepcbdev\freepcb-2\debug\freepcb.tlog\cl.write.1.tlog
