  StdAfx.cpp
D:\FreePCBDev\FreePCB-2\stdafx.h(58,1): warning C4005: ASSERT: изменение макроопределения
  (компиляция исходного файла "StdAfx.cpp")
  C:\Program Files\Microsoft Visual Studio\2022\Community\VC\Tools\MSVC\14.39.33519\atlmfc\include\afx.h(366,1):
  см. предыдущее определение "ASSERT"
  
  Additional.cpp
  AddSymmetricalBlank.cpp
  Cuid.cpp
  DesignRules.cpp
  DisplayList.cpp
  DlgAddArea.cpp
  DlgAddCode.cpp
  DlgAddHole.cpp
  DlgAddMaskCutout.cpp
  DlgAddMerge.cpp
  DlgAddModule.cpp
  DlgAddNet.cpp
  DlgAddPart.cpp
  DlgAddPin.cpp
  DlgAddPoly.cpp
  DlgAddText.cpp
  DlgAddWidth.cpp
  DlgAreaLayer.cpp
  DlgAssignNet.cpp
  DlgCAD.cpp
  Создание кода...
  Компиляция...
  DlgCentroid.cpp
  DlgChangeLayer.cpp
  DlgChooseNetName.cpp
  DlgCrop.cpp
  DlgDRC.cpp
  DlgDupFootprintName.cpp
  DlgEditBoardCorner.cpp
  DlgEditNet.cpp
  DlgEnterStr.cpp
  DlgExportDsn.cpp
  DlgFindPart.cpp
  DlgFpRefText.cpp
  DlgFpText.cpp
  DlgGlue.cpp
  DlgGroupPaste.cpp
  DlgHole.cpp
  DlgImportFootprint.cpp
  DlgImportOptions.cpp
  DlgImportSes.cpp
  DlgIndexing.cpp
  Создание кода...
  Компиляция...
  DlgIvex.cpp
  DlgLayers.cpp
  DlgLibraryManager.cpp
  DlgLog.cpp
  DlgMoveOrigin.cpp
  DlgMyMessageBox.cpp
  DlgMyMessageBox2.cpp
  DlgNetCombine.cpp
  DlgNetlist.cpp
  DlgPartlist.cpp
  DlgPDFColors.cpp
  DlgProjectOptions.cpp
  DlgProtection.cpp
  DlgReassignLayers.cpp
  DlgRefText.cpp
  DlgReport.cpp
  DlgSaveFootprint.cpp
  DlgSaveLib.cpp
  DlgSetAreaHatch.cpp
  DlgSetSegmentWidth.cpp
  Создание кода...
  Компиляция...
  DlgSetTraceWidths.cpp
  DlgShortcuts.cpp
  DlgSideStyle.cpp
  DlgSlot.cpp
  DlgValueText.cpp
  DlgVia.cpp
  DlgViaGrig.cpp
  DlgWizQuad.cpp
  Dlg_OpenScad.cpp
  file_io.cpp
  FootprintLib.cpp
  FootprintView.cpp
  FreePcb.cpp
  FreePcbDoc.cpp
  FreePcbView.cpp
  Gerber.cpp
  gpc_232.cpp
  ivex_mod_file.cpp
  MainFrm.cpp
  MyToolBar.cpp
  Создание кода...
  Компиляция...
  Net_iter.cpp
  NetList.cpp
  PartList.cpp
  PathDialog.cpp
  php_polygon.cpp
  php_polygon_vertex.cpp
  PolyLine.cpp
  QAFDebug.cpp
  RectArray.cpp
  RTcall.cpp
  Shape.cpp
  smcharacter.cpp
  smfontutil.cpp
  SpeedFiles.cpp
  TextList.cpp
  UndoList.cpp
  utility.cpp
  Создание кода...
  adler32.c
  compress.c
  cpdfAnnot.c
  cpdfArc.c
  cpdfAxis.c
  cpdfColor.c
  cpdfDomain.c
  cpdfDomPlot.c
  cpdfFont.c
  cpdfGstate.c
  cpdfImage.c
  cpdfImgIL.c
  cpdfInit.c
  cpdfMarker.c
  cpdfMemBuf.c
  cpdfOutline.c
  cpdfPreview.c
  cpdfRawPlot.c
  cpdfReadPFB.c
  cpdfReadPFM.c
  Создание кода...
  Компиляция...
  cpdfText.c
  cpdfTextBox.c
  cpdfTicInt.c
  cpdfTime.c
  cpdfUtil.c
  deflate.c
  jpegsize.c
  testpdf.c
  trees.c
  zutil.c
  Создание кода...
  FreePcb.vcxproj -> D:\FreePCBDev\FreePCB-2\Release\ПлатФорм.exe
  Скопировано файлов:         1.
