d:\freepcbdev\freepcb-2\release\freepcb.pch
d:\freepcbdev\freepcb-2\debug\stdafx.obj
d:\freepcbdev\freepcb-2\debug\dlgcad.obj
d:\freepcbdev\freepcb-2\debug\dlgassignnet.obj
d:\freepcbdev\freepcb-2\debug\dlgarealayer.obj
d:\freepcbdev\freepcb-2\debug\dlgaddwidth.obj
d:\freepcbdev\freepcb-2\debug\dlgaddtext.obj
d:\freepcbdev\freepcb-2\debug\dlgaddpoly.obj
d:\freepcbdev\freepcb-2\debug\dlgaddpin.obj
d:\freepcbdev\freepcb-2\debug\dlgaddpart.obj
d:\freepcbdev\freepcb-2\debug\dlgaddnet.obj
d:\freepcbdev\freepcb-2\debug\dlgaddmodule.obj
d:\freepcbdev\freepcb-2\debug\dlgaddmerge.obj
d:\freepcbdev\freepcb-2\debug\dlgaddmaskcutout.obj
d:\freepcbdev\freepcb-2\debug\dlgaddhole.obj
d:\freepcbdev\freepcb-2\debug\dlgaddcode.obj
d:\freepcbdev\freepcb-2\debug\dlgaddarea.obj
d:\freepcbdev\freepcb-2\debug\displaylist.obj
d:\freepcbdev\freepcb-2\debug\designrules.obj
d:\freepcbdev\freepcb-2\debug\cuid.obj
d:\freepcbdev\freepcb-2\debug\addsymmetricalblank.obj
d:\freepcbdev\freepcb-2\debug\additional.obj
d:\freepcbdev\freepcb-2\debug\dlgindexing.obj
d:\freepcbdev\freepcb-2\debug\dlgimportses.obj
d:\freepcbdev\freepcb-2\debug\dlgimportoptions.obj
d:\freepcbdev\freepcb-2\debug\dlgimportfootprint.obj
d:\freepcbdev\freepcb-2\debug\dlghole.obj
d:\freepcbdev\freepcb-2\debug\dlggrouppaste.obj
d:\freepcbdev\freepcb-2\debug\dlgglue.obj
d:\freepcbdev\freepcb-2\debug\dlgfptext.obj
d:\freepcbdev\freepcb-2\debug\dlgfpreftext.obj
d:\freepcbdev\freepcb-2\debug\dlgfindpart.obj
d:\freepcbdev\freepcb-2\debug\dlgexportdsn.obj
d:\freepcbdev\freepcb-2\debug\dlgenterstr.obj
d:\freepcbdev\freepcb-2\debug\dlgeditnet.obj
d:\freepcbdev\freepcb-2\debug\dlgeditboardcorner.obj
d:\freepcbdev\freepcb-2\debug\dlgdupfootprintname.obj
d:\freepcbdev\freepcb-2\debug\dlgdrc.obj
d:\freepcbdev\freepcb-2\debug\dlgcrop.obj
d:\freepcbdev\freepcb-2\debug\dlgchoosenetname.obj
d:\freepcbdev\freepcb-2\debug\dlgchangelayer.obj
d:\freepcbdev\freepcb-2\debug\dlgcentroid.obj
d:\freepcbdev\freepcb-2\debug\dlgsetsegmentwidth.obj
d:\freepcbdev\freepcb-2\debug\dlgsetareahatch.obj
d:\freepcbdev\freepcb-2\debug\dlgsavelib.obj
d:\freepcbdev\freepcb-2\debug\dlgsavefootprint.obj
d:\freepcbdev\freepcb-2\debug\dlgreport.obj
d:\freepcbdev\freepcb-2\debug\dlgreftext.obj
d:\freepcbdev\freepcb-2\debug\dlgreassignlayers.obj
d:\freepcbdev\freepcb-2\debug\dlgprotection.obj
d:\freepcbdev\freepcb-2\debug\dlgprojectoptions.obj
d:\freepcbdev\freepcb-2\debug\dlgpdfcolors.obj
d:\freepcbdev\freepcb-2\debug\dlgpartlist.obj
d:\freepcbdev\freepcb-2\debug\dlgnetlist.obj
d:\freepcbdev\freepcb-2\debug\dlgnetcombine.obj
d:\freepcbdev\freepcb-2\debug\dlgmymessagebox2.obj
d:\freepcbdev\freepcb-2\debug\dlgmymessagebox.obj
d:\freepcbdev\freepcb-2\debug\dlgmoveorigin.obj
d:\freepcbdev\freepcb-2\debug\dlglog.obj
d:\freepcbdev\freepcb-2\debug\dlglibrarymanager.obj
d:\freepcbdev\freepcb-2\debug\dlglayers.obj
d:\freepcbdev\freepcb-2\debug\dlgivex.obj
d:\freepcbdev\freepcb-2\debug\mytoolbar.obj
d:\freepcbdev\freepcb-2\debug\mainfrm.obj
d:\freepcbdev\freepcb-2\debug\ivex_mod_file.obj
d:\freepcbdev\freepcb-2\debug\gpc_232.obj
d:\freepcbdev\freepcb-2\debug\gerber.obj
d:\freepcbdev\freepcb-2\debug\freepcbview.obj
d:\freepcbdev\freepcb-2\debug\freepcbdoc.obj
d:\freepcbdev\freepcb-2\debug\freepcb.obj
d:\freepcbdev\freepcb-2\debug\footprintview.obj
d:\freepcbdev\freepcb-2\debug\footprintlib.obj
d:\freepcbdev\freepcb-2\debug\file_io.obj
d:\freepcbdev\freepcb-2\debug\dlg_openscad.obj
d:\freepcbdev\freepcb-2\debug\dlgwizquad.obj
d:\freepcbdev\freepcb-2\debug\dlgviagrig.obj
d:\freepcbdev\freepcb-2\debug\dlgvia.obj
d:\freepcbdev\freepcb-2\debug\dlgvaluetext.obj
d:\freepcbdev\freepcb-2\debug\dlgslot.obj
d:\freepcbdev\freepcb-2\debug\dlgsidestyle.obj
d:\freepcbdev\freepcb-2\debug\dlgshortcuts.obj
d:\freepcbdev\freepcb-2\debug\dlgsettracewidths.obj
d:\freepcbdev\freepcb-2\debug\utility.obj
d:\freepcbdev\freepcb-2\debug\undolist.obj
d:\freepcbdev\freepcb-2\debug\textlist.obj
d:\freepcbdev\freepcb-2\debug\speedfiles.obj
d:\freepcbdev\freepcb-2\debug\smfontutil.obj
d:\freepcbdev\freepcb-2\debug\smcharacter.obj
d:\freepcbdev\freepcb-2\debug\shape.obj
d:\freepcbdev\freepcb-2\debug\rtcall.obj
d:\freepcbdev\freepcb-2\debug\rectarray.obj
d:\freepcbdev\freepcb-2\debug\qafdebug.obj
d:\freepcbdev\freepcb-2\debug\polyline.obj
d:\freepcbdev\freepcb-2\debug\php_polygon_vertex.obj
d:\freepcbdev\freepcb-2\debug\php_polygon.obj
d:\freepcbdev\freepcb-2\debug\pathdialog.obj
d:\freepcbdev\freepcb-2\debug\partlist.obj
d:\freepcbdev\freepcb-2\debug\netlist.obj
d:\freepcbdev\freepcb-2\debug\net_iter.obj
d:\freepcbdev\freepcb-2\debug\cpdfreadpfm.obj
d:\freepcbdev\freepcb-2\debug\cpdfreadpfb.obj
d:\freepcbdev\freepcb-2\debug\cpdfrawplot.obj
d:\freepcbdev\freepcb-2\debug\cpdfpreview.obj
d:\freepcbdev\freepcb-2\debug\cpdfoutline.obj
d:\freepcbdev\freepcb-2\debug\cpdfmembuf.obj
d:\freepcbdev\freepcb-2\debug\cpdfmarker.obj
d:\freepcbdev\freepcb-2\debug\cpdfinit.obj
d:\freepcbdev\freepcb-2\debug\cpdfimgil.obj
d:\freepcbdev\freepcb-2\debug\cpdfimage.obj
d:\freepcbdev\freepcb-2\debug\cpdfgstate.obj
d:\freepcbdev\freepcb-2\debug\cpdffont.obj
d:\freepcbdev\freepcb-2\debug\cpdfdomplot.obj
d:\freepcbdev\freepcb-2\debug\cpdfdomain.obj
d:\freepcbdev\freepcb-2\debug\cpdfcolor.obj
d:\freepcbdev\freepcb-2\debug\cpdfaxis.obj
d:\freepcbdev\freepcb-2\debug\cpdfarc.obj
d:\freepcbdev\freepcb-2\debug\cpdfannot.obj
d:\freepcbdev\freepcb-2\debug\compress.obj
d:\freepcbdev\freepcb-2\debug\adler32.obj
d:\freepcbdev\freepcb-2\debug\zutil.obj
d:\freepcbdev\freepcb-2\debug\trees.obj
d:\freepcbdev\freepcb-2\debug\testpdf.obj
d:\freepcbdev\freepcb-2\debug\jpegsize.obj
d:\freepcbdev\freepcb-2\debug\deflate.obj
d:\freepcbdev\freepcb-2\debug\cpdfutil.obj
d:\freepcbdev\freepcb-2\debug\cpdftime.obj
d:\freepcbdev\freepcb-2\debug\cpdfticint.obj
d:\freepcbdev\freepcb-2\debug\cpdftextbox.obj
d:\freepcbdev\freepcb-2\debug\cpdftext.obj
d:\freepcbdev\freepcb-2\release\платформ.exe
d:\freepcbdev\freepcb-2\release\freepcb.res
d:\freepcbdev\freepcb-2\release\freepcb.tlog\cl.command.1.tlog
d:\freepcbdev\freepcb-2\release\freepcb.tlog\cl.items.tlog
d:\freepcbdev\freepcb-2\release\freepcb.tlog\cl.read.1.tlog
d:\freepcbdev\freepcb-2\release\freepcb.tlog\cl.write.1.tlog
d:\freepcbdev\freepcb-2\release\freepcb.tlog\link.command.1.tlog
d:\freepcbdev\freepcb-2\release\freepcb.tlog\link.read.1.tlog
d:\freepcbdev\freepcb-2\release\freepcb.tlog\link.secondary.1.tlog
d:\freepcbdev\freepcb-2\release\freepcb.tlog\link.write.1.tlog
d:\freepcbdev\freepcb-2\release\freepcb.tlog\rc.command.1.tlog
d:\freepcbdev\freepcb-2\release\freepcb.tlog\rc.read.1.tlog
d:\freepcbdev\freepcb-2\release\freepcb.tlog\rc.write.1.tlog
